send(C, S, eRequest(2), send(S, C, eResponse(1), send(C, S, eRequest(0), empty)))
