const(0, Array[Int, Int])
const(test, Array[Int, Int])
